npm warn Unknown project config "PLAYWRIGHT_BROWSERS_PATH". This will stop working in the next major version of npm. See `npm help npmrc` for supported config options.

> dcv-research-platform@0.6.0 test
> node --test tests/*.test.mjs

✔ full module registers core and bootstrap when optional search is absent (5.6204ms)
✔ clearly safe evidence becomes FEASIBLE (4.1482ms)
✔ clear false-negative violation becomes INFEASIBLE (0.4003ms)
✔ boundary evidence is not treated as violation (0.3831ms)
✔ estimator benchmark includes four families (1.1702ms)
✔ enqueueOnce coalesces queued duplicates (advance_project storm) (61.9486ms)
✔ enqueue records the phase column used by the jobs index (37.1416ms)
✔ finished projects cost zero reads: advance returns early and cron skips them (43.0114ms)
✔ reviewer wait does not poll: a HOLD marker with no new observations stops re-queuing fit_reviewer (40.9627ms)
✔ claimJobs reads in priority order using idx_jobs_claim (no temp sort over the whole queue) (28.5986ms)
✔ hot queries are index lookups, not full table scans (regression guard) (37.0396ms)
✔ memo is per-DB, expires, and is busted on writes (0.8113ms)
✔ queue message is delayed exactly like run_after (no early wake-up that leaves the job stranded) (31.9719ms)
✔ a failed job that will be retried gets a wake-up message at its backoff time (43.0769ms)
✔ cron wakes stranded due jobs (queued, due, but no message) and leaves not-yet-due jobs alone (36.789ms)
✔ buildThesisData scans simulation_runs and reviewer_observations once each (no duplicate aggregates) (80.1812ms)
✔ reviewer observation counter: POST increments it atomically and project detail reads it without a COUNT scan (86.3315ms)
✔ seeded candidates update projects.candidate_count in the same batch (20.5682ms)
﹣ buildDocx: python-docx가 열 수 있는 유효한 .docx (표·그림·제목·목록·캡션) (1.2083ms) # python-docx unavailable
﹣ buildDocx: 실제 생성 보고서의 표·그림 개수가 Markdown과 일치 (0.2022ms) # python-docx or node:sqlite unavailable
✔ paper anchor matches current n=81 manuscript profile (1.2302ms)
✔ local OLS refit recovers known reduced-form coefficients (1.5173ms)
✔ n=81 panel derives empirical FP/FN loss proxies without fabricated labels (0.965ms)
✔ impact classifier starts human trial at Validate and external data at Measure (1.5622ms)
✔ one new human trial invalidates prior approval but does not restart compute cycle (46.6697ms)
✔ new external data after computation opens a new research cycle from Measure (40.9519ms)
✔ approval gates count only current evidence revision (49.7127ms)
✔ later evidence cannot skip an already pending earlier revalidation stage (50.4775ms)
✔ crc32 matches the standard check value (6.3851ms)
﹣ zipStore output is a valid archive with UTF-8 names and intact content (0.8608ms) # python3 unavailable
✔ mdToHtml renders headings, tables, lists, figures and escapes HTML (2.7568ms)
✔ generated report converts to HTML without leftover markdown table syntax (161.7944ms)
✔ FDIC name normalisation removes legal/noise tokens without inventing a match (2.2224ms)
✔ SOD HHI is computed from institution deposit shares (0.4232ms)
✔ Financials summary derives deposit change from ordered report dates (25.6661ms)
✔ FDIC presets use dedicated connectors rather than generic unfiltered JSON ingestion (1.4026ms)
✔ FDIC collector source is change-aware so an unchanged scheduled fetch does not become new evidence (18.1942ms)
✔ FDIC failures resolver confirms only a high-confidence unique bank-name match (85.4812ms)
✔ FDIC Financials connector stores CERT-linked quarterly rows (35.4282ms)
✔ FDIC SOD connector computes a separate state-market HHI without overwriting thesis concentration (36.4084ms)
✔ FDIC reverification ranking prioritises the largest empirical discrepancy and never overwrites panel values (46.908ms)
✔ FDIC reverification ranking marks linked episodes without comparable dimensions as INSUFFICIENT (38.1812ms)
✔ Episode Reverification Workbench exposes panel values, FDIC raw evidence and suggested causes without overwriting panel (46.685ms)
✔ Workbench RESOLVED requires every checklist item and a reviewer note, then requests evidence registration (37.811ms)
✔ 300 scheduled tasks preserve 10 roles and 30 daily cycles without fake credentials (1.8966ms)
✔ journal eligibility needs verified SCIE/SSCI and Q1/Q2 or AIS in all three years (1.1226ms)
✔ hallucinated DOI and non-English AI output are rejected (0.8013ms)
✔ campaign start is idempotent and only materializes one task (56.4036ms)
✔ snapshot reuse does one indexed project read and no candidate/episode scan (62.4314ms)
✔ only one role runs per tick; another tick before due time is idle (53.3271ms)
✔ concurrent cron deliveries cannot run the same role twice (62.7027ms)
✔ writer and leader persist editable sections and submission documents (40.7994ms)
✔ failed AI calls use bounded retries and never persist a fabricated draft (43.5812ms)
✔ deadline persists a six-document package with honest blockers and chunked download (189.3059ms)
✔ pause revokes lease and status cache avoids repeated role queries (24.8293ms)
✔ single-flight memo coalesces concurrent reads and failed loads are not cached (31.0943ms)
✔ unchanged scheduled data is deduplicated without per-row D1 read queries (24.1325ms)
✔ mathtext: 그리스 문자·첨자·분수·연산자 (2.4983ms)
✔ mdToHtml: $$ 수식은 번호 붙은 블록, $..$ 는 인라인, 본문은 이스케이프 (5.2695ms)
✔ buildDocx: 수식 별행 문단과 첨자 런 (13.1447ms)
✔ 연구모형 절: 연구대상·연구모형·연구질문·산식·그림이 모두 포함되고 수식 번호가 연속 (168.4339ms)
✔ 보고서: 연구모형 절이 본문 1절로 들어가고 빈 프로젝트에서도 깨지지 않음 (148.6916ms)
✔ 이전 버전으로 저장된 보고서는 열 때 연구모형 절이 자동 추가됨 (80.8787ms)
✔ Case A connector activation creates separate layer and official sources (50.3139ms)
✔ BIS CPMI SDMX CSV collector normalizes official observations and is change-aware (84.7569ms)
✔ ECB SUP connector imports LCR/CET1 SDMX CSV (62.7879ms)
✔ ECOS connector uses secret and StatisticSearch row normalization (31.5538ms)
✔ Case B connectors are isolated and remain CONFIG_REQUIRED without dataset endpoint (37.1771ms)
✔ connector registry covers requested sequence (0.2382ms)
✔ BIS mapping produces D proxy components and sensitivity variants without replacing panel D (18.2434ms)
✔ ECB resilience mapping uses Basel LCR/CET1 headroom and maps only into declared theta range (1.8318ms)
✔ official mappings become explicit CDRS stress scenarios rather than silently overwriting baseline parameters (38.3743ms)
✔ official observation upsert has O(1) read queries, not one SELECT per incoming row (55.331ms)
✔ confirmatory inference records Bonferroni familywise correction (2.4328ms)
✔ loss calibration is explicitly proxy-only with sensitivity bounds (0.9277ms)
✔ stratified calibration bootstrap propagates reconstructed measurement error (7.1481ms)
✔ historical episode calibration does not silently use inconclusive theta3 digital coefficient (0.4565ms)
✔ participant-cluster bootstrap treats participants as sampling units (3.6226ms)
✔ cross-case criterion exposes overlap, rank consistency and boundary error (0.5884ms)
✔ sampleDesign returns max unique deterministic points without full grid (13.9594ms)
✔ sampleDesign enumerates everything when the grid is small (0.366ms)
✔ sampleDesign is fast enough for a 10 ms CPU budget (4.7958ms)
✔ recommended official source presets cover empirical, payments and public-payment second-case layers (1.296ms)
✔ migrations never destructively delete/drop projects (9.4417ms)
✔ project list has legacy-schema compatibility and storage lineage guard (1.2077ms)
✔ ui recovery keeps last known project and renders current research briefing (1.1068ms)
✔ panel headings use deterministic title-description rows (0.9248ms)
✔ thesis data aggregates candidates, reviewer and panel (102.818ms)
✔ report contains all thesis sections, tables and figure references (58.1298ms)
✔ report on an empty project does not crash or print undefined (24.4555ms)
✔ every figure is well-formed SVG with sensible size (41.686ms)
✔ csv exports have BOM, header and one row per record (38.5301ms)
✔ primary dashboard uses exact CSS grids for balanced rows and columns (1.7878ms)
✔ project auxiliary panels are deferred and cached per cycle/revision (0.3827ms)
✔ high-frequency project compute metadata is memoized and status dashboards batch D1 reads (0.2978ms)
✔ browser bootstrap runs after auxiliary project wrappers are registered (0.381ms)
✔ report preview defaults to rendered HTML and explicitly hydrates figures (1.8257ms)
✔ thesis toolkit resolves DCV core dynamically so module order cannot break clicks (0.7327ms)
✔ initial boot retries transient project load failures and analytical heights use right card as reference (0.254ms)
✔ dashboard separates robust regret from human recompute and explains gate lifecycle (1.9421ms)
✔ project detail exposes regret provenance rather than a context-free number (0.4276ms)
✔ report states matrix gate timing and that human recompute is outside regret metric (0.2731ms)
✔ External Validation Matrix separates Synthetic/Historical/Adversarial/BIS/ECB/Human (29.404ms)
✔ External Validation Matrix keeps unavailable external layers as N/A rather than failure (23.669ms)
✔ Figure 7 survival funnel uses strict cumulative PASS and exposes N/A layers safely (5.9717ms)
ℹ tests 105
ℹ suites 0
ℹ pass 102
ℹ fail 0
ℹ cancelled 0
ℹ skipped 3
ℹ todo 0
ℹ duration_ms 1182.978
